Copyright 1986-2019 Xilinx, Inc. All Rights Reserved.
------------------------------------------------------------------------------------
| Tool Version : Vivado v.2019.2 (win64) Build 2708876 Wed Nov  6 21:40:23 MST 2019
| Date         : Mon Dec 30 01:40:01 2019
| Host         : DESKTOP-A8381IE running 64-bit major release  (build 9200)
| Command      : report_control_sets -verbose -file FSM_control_sets_placed.rpt
| Design       : FSM
| Device       : xc7a35t
------------------------------------------------------------------------------------

Control Set Information

Table of Contents
-----------------
1. Summary
2. Histogram
3. Flip-Flop Distribution
4. Detailed Control Set Information

1. Summary
----------

+----------------------------------------------------------+-------+
|                          Status                          | Count |
+----------------------------------------------------------+-------+
| Total control sets                                       |   448 |
|    Minimum number of control sets                        |   448 |
|    Addition due to synthesis replication                 |     0 |
|    Addition due to physical synthesis replication        |     0 |
| Unused register locations in slices containing registers |  3100 |
+----------------------------------------------------------+-------+
* Control sets can be merged at opt_design using control_set_merge or merge_equivalent_drivers
** Run report_qor_suggestions for automated merging and remapping suggestions


2. Histogram
------------

+--------------------+-------+
|       Fanout       | Count |
+--------------------+-------+
| Total control sets |   448 |
| >= 0 to < 4        |   441 |
| >= 4 to < 6        |     2 |
| >= 6 to < 8        |     0 |
| >= 8 to < 10       |     0 |
| >= 10 to < 12      |     0 |
| >= 12 to < 14      |     0 |
| >= 14 to < 16      |     0 |
| >= 16              |     5 |
+--------------------+-------+
* Control sets can be remapped at either synth_design or opt_design


3. Flip-Flop Distribution
-------------------------

+--------------+-----------------------+------------------------+-----------------+--------------+
| Clock Enable | Synchronous Set/Reset | Asynchronous Set/Reset | Total Registers | Total Slices |
+--------------+-----------------------+------------------------+-----------------+--------------+
| No           | No                    | No                     |              65 |           24 |
| No           | No                    | Yes                    |             304 |          292 |
| No           | Yes                   | No                     |             211 |          163 |
| Yes          | No                    | No                     |               0 |            0 |
| Yes          | No                    | Yes                    |               0 |            0 |
| Yes          | Yes                   | No                     |               0 |            0 |
+--------------+-----------------------+------------------------+-----------------+--------------+


4. Detailed Control Set Information
-----------------------------------

+---------------------------------------------------------------------+---------------+--------------------------------------------------------------------+------------------+----------------+
|                             Clock Signal                            | Enable Signal |                          Set/Reset Signal                          | Slice Load Count | Bel Load Count |
+---------------------------------------------------------------------+---------------+--------------------------------------------------------------------+------------------+----------------+
|  nolabel_line445/FileB/REG_FILE_0/MEMORY_0/Q_reg[1]_LDC_i_1__6_n_0  |               | nolabel_line445/FileB/REG_FILE_0/MEMORY_0/Q_reg[1]_LDC_i_2__6_n_0  |                1 |              1 |
|  nolabel_line445/FileB/REG_FILE_0/MEMORY_0/Q_reg[3]_LDC_i_1__6_n_0  |               | nolabel_line445/FileB/REG_FILE_0/MEMORY_0/Q_reg[3]_LDC_i_2__6_n_0  |                1 |              1 |
|  nolabel_line445/FileB/REG_FILE_0/MEMORY_0/Q_reg[0]_C_1             |               | nolabel_line445/FileB/REG_FILE_0/MEMORY_0/Q_reg[0]_C_0             |                1 |              1 |
|  nolabel_line445/FileB/REG_FILE_0/MEMORY_0/Q_reg[2]_C_1             |               | nolabel_line445/FileB/REG_FILE_0/MEMORY_0/Q_reg[2]_C_0             |                1 |              1 |
|  nolabel_line445/FileB/REG_FILE_0/MEMORY_0/Q_reg[2]_LDC_i_1__6_n_0  |               | nolabel_line445/FileB/REG_FILE_0/MEMORY_0/Q_reg[2]_LDC_i_2__6_n_0  |                1 |              1 |
|  nolabel_line445/FileB/REG_FILE_0/MEMORY_0/Q_reg[3]_C_1             |               | nolabel_line445/FileB/REG_FILE_0/MEMORY_0/Q_reg[3]_C_0             |                1 |              1 |
|  nolabel_line445/FileB/REG_FILE_0/MEMORY_0/Q_reg[0]_LDC_i_1__6_n_0  |               | nolabel_line445/FileB/REG_FILE_0/MEMORY_0/Q_reg[0]_LDC_i_2__6_n_0  |                1 |              1 |
|  nolabel_line445/FileB/REG_FILE_0/MEMORY_0/Q_reg[1]_C_1             |               | nolabel_line445/FileB/REG_FILE_0/MEMORY_0/Q_reg[1]_C_0             |                1 |              1 |
|  nolabel_line445/FileB/REG_FILE_0/MEMORY_1/Q_reg[0]_C_1             |               | nolabel_line445/FileB/REG_FILE_0/MEMORY_1/Q_reg[0]_C_0             |                1 |              1 |
|  nolabel_line445/FileB/REG_FILE_0/MEMORY_1/Q_reg[0]_LDC_i_1__4_n_0  |               | nolabel_line445/FileB/REG_FILE_0/MEMORY_1/Q_reg[0]_LDC_i_2__4_n_0  |                1 |              1 |
|  nolabel_line445/FileB/REG_FILE_0/MEMORY_1/Q_reg[1]_C_1             |               | nolabel_line445/FileB/REG_FILE_0/MEMORY_1/Q_reg[1]_C_0             |                1 |              1 |
|  nolabel_line445/FileB/REG_FILE_0/MEMORY_1/Q_reg[1]_LDC_i_1__4_n_0  |               | nolabel_line445/FileB/REG_FILE_0/MEMORY_1/Q_reg[1]_LDC_i_2__4_n_0  |                1 |              1 |
|  nolabel_line445/FileB/REG_FILE_0/MEMORY_1/Q_reg[3]_C_1             |               | nolabel_line445/FileB/REG_FILE_0/MEMORY_1/Q_reg[3]_C_0             |                1 |              1 |
|  nolabel_line445/FileB/REG_FILE_0/MEMORY_1/Q_reg[2]_C_1             |               | nolabel_line445/FileB/REG_FILE_0/MEMORY_1/Q_reg[2]_C_0             |                1 |              1 |
|  nolabel_line445/FileB/REG_FILE_0/MEMORY_1/Q_reg[3]_LDC_i_1__4_n_0  |               | nolabel_line445/FileB/REG_FILE_0/MEMORY_1/Q_reg[3]_LDC_i_2__4_n_0  |                1 |              1 |
|  nolabel_line445/FileB/REG_FILE_0/MEMORY_1/Q_reg[2]_LDC_i_1__4_n_0  |               | nolabel_line445/FileB/REG_FILE_0/MEMORY_1/Q_reg[2]_LDC_i_2__4_n_0  |                1 |              1 |
|  nolabel_line443/enable_reg_i_2_n_0                                 |               |                                                                    |                1 |              1 |
|  nolabel_line445/FileB/REG_FILE_2/MEMORY_2/Q_reg[2]_C_1             |               | nolabel_line445/FileB/REG_FILE_2/MEMORY_2/Q_reg[2]_C_0             |                1 |              1 |
|  nolabel_line443/cells_clr_reg_i_1_n_0                              |               |                                                                    |                1 |              1 |
|  nolabel_line443/count_ld_reg_i_2_n_0                               |               |                                                                    |                1 |              1 |
|  nolabel_line443/cells_ld_reg_i_1_n_0                               |               |                                                                    |                1 |              1 |
|  nolabel_line445/FileB/REG_FILE_2/MEMORY_3/Q_reg[3]_C_1             |               | nolabel_line445/FileB/REG_FILE_2/MEMORY_3/Q_reg[3]_C_0             |                1 |              1 |
|  nolabel_line443/num_ld_reg_12                                      |               | nolabel_line443/num_ld_reg_13                                      |                1 |              1 |
|  nolabel_line445/FileB/REG_FILE_2/MEMORY_3/Q_reg[3]_LDC_i_1_n_0     |               | nolabel_line445/FileB/REG_FILE_2/MEMORY_3/Q_reg[3]_LDC_i_2_n_0     |                1 |              1 |
|  nolabel_line443/count_clr_reg_i_2_n_0                              |               |                                                                    |                1 |              1 |
|  nolabel_line443/num_reg[3]_LDC_i_3                                 |               | nolabel_line443/num_ld_reg_0                                       |                1 |              1 |
|  nolabel_line443/num_reg[9]_LDC_i_3                                 |               | nolabel_line443/num_ld_reg_10                                      |                1 |              1 |
|  nolabel_line443/num_reg[6]_LDC_i_3                                 |               | nolabel_line443/num_ld_reg_5                                       |                1 |              1 |
|  nolabel_line443/num_reg[2]_LDC_i_3                                 |               | nolabel_line443/num_ld_reg_1                                       |                1 |              1 |
|  nolabel_line443/num_reg[12]_LDC_i_3                                |               | nolabel_line443/num_ld_reg_16                                      |                1 |              1 |
|  nolabel_line443/num_reg[11]_LDC_i_3                                |               | nolabel_line443/num_ld_reg_8                                       |                1 |              1 |
|  nolabel_line443/num_reg[14]_LDC_i_3                                |               | nolabel_line443/num_ld_reg_14                                      |                1 |              1 |
|  nolabel_line443/num_reg[10]_LDC_i_3                                |               | nolabel_line443/num_ld_reg_9                                       |                1 |              1 |
|  nolabel_line443/num_reg[0]_LDC_i_3                                 |               | nolabel_line443/num_ld_reg_3                                       |                1 |              1 |
|  nolabel_line445/FileB/REG_FILE_2/MEMORY_3/Q_reg[0]_LDC_i_1_n_0     |               | nolabel_line445/FileB/REG_FILE_2/MEMORY_3/Q_reg[0]_LDC_i_2_n_0     |                1 |              1 |
|  nolabel_line443/num_reg[8]_LDC_i_3                                 |               | nolabel_line443/num_ld_reg_11                                      |                1 |              1 |
|  nolabel_line443/num_reg[4]_LDC_i_3                                 |               | nolabel_line443/num_ld_reg_7                                       |                1 |              1 |
|  nolabel_line443/num_reg[5]_LDC_i_3                                 |               | nolabel_line443/num_ld_reg_6                                       |                1 |              1 |
|  nolabel_line443/num_reg[13]_LDC_i_3                                |               | nolabel_line443/num_ld_reg_15                                      |                1 |              1 |
|  nolabel_line443/num_reg[7]_LDC_i_3                                 |               | nolabel_line443/num_ld_reg_4                                       |                1 |              1 |
|  nolabel_line443/num_reg[1]_LDC_i_3                                 |               | nolabel_line443/num_ld_reg_2                                       |                1 |              1 |
|  nolabel_line445/FileB/REG_FILE_2/MEMORY_3/Q_reg[1]_C_1             |               | nolabel_line445/FileB/REG_FILE_2/MEMORY_3/Q_reg[1]_C_0             |                1 |              1 |
|  clk_IBUF_BUFG                                                      |               | nolabel_line445/FileB/REG_FILE_0/MEMORY_0/Q_reg[1]_LDC_i_1__6_n_0  |                1 |              1 |
|  clk_IBUF_BUFG                                                      |               | nolabel_line445/FileB/REG_FILE_0/MEMORY_0/Q_reg[3]_LDC_i_1__6_n_0  |                1 |              1 |
|  clk_IBUF_BUFG                                                      |               | nolabel_line445/FileB/REG_FILE_0/MEMORY_0/Q_reg[1]_LDC_i_2__6_n_0  |                1 |              1 |
|  clk_IBUF_BUFG                                                      |               | nolabel_line445/FileB/REG_FILE_0/MEMORY_0/Q_reg[2]_LDC_i_1__6_n_0  |                1 |              1 |
|  clk_IBUF_BUFG                                                      |               | nolabel_line445/FileB/REG_FILE_0/MEMORY_0/Q_reg[2]_LDC_i_2__6_n_0  |                1 |              1 |
|  clk_IBUF_BUFG                                                      |               | nolabel_line445/FileB/REG_FILE_0/MEMORY_0/Q_reg[0]_LDC_i_1__6_n_0  |                1 |              1 |
|  clk_IBUF_BUFG                                                      |               | nolabel_line445/FileB/REG_FILE_0/MEMORY_0/Q_reg[3]_LDC_i_2__6_n_0  |                1 |              1 |
|  clk_IBUF_BUFG                                                      |               | nolabel_line445/FileB/REG_FILE_0/MEMORY_0/Q_reg[0]_LDC_i_2__6_n_0  |                1 |              1 |
|  clk_IBUF_BUFG                                                      |               | nolabel_line445/FileB/REG_FILE_0/MEMORY_1/Q_reg[0]_LDC_i_1__4_n_0  |                1 |              1 |
|  clk_IBUF_BUFG                                                      |               | nolabel_line445/FileB/REG_FILE_0/MEMORY_1/Q_reg[0]_LDC_i_2__4_n_0  |                1 |              1 |
|  clk_IBUF_BUFG                                                      |               | nolabel_line445/FileB/REG_FILE_0/MEMORY_1/Q_reg[1]_LDC_i_1__4_n_0  |                1 |              1 |
|  clk_IBUF_BUFG                                                      |               | nolabel_line445/FileB/REG_FILE_0/MEMORY_1/Q_reg[1]_LDC_i_2__4_n_0  |                1 |              1 |
|  nolabel_line445/FileB/REG_FILE_2/MEMORY_3/Q_reg[2]_LDC_i_1_n_0     |               | nolabel_line445/FileB/REG_FILE_2/MEMORY_3/Q_reg[2]_LDC_i_2_n_0     |                1 |              1 |
|  clk_IBUF_BUFG                                                      |               | nolabel_line445/FileB/REG_FILE_0/MEMORY_1/Q_reg[2]_LDC_i_2__4_n_0  |                1 |              1 |
|  clk_IBUF_BUFG                                                      |               | nolabel_line445/FileB/REG_FILE_0/MEMORY_1/Q_reg[3]_LDC_i_2__4_n_0  |                1 |              1 |
|  clk_IBUF_BUFG                                                      |               | nolabel_line445/FileB/REG_FILE_0/MEMORY_1/Q_reg[3]_LDC_i_1__4_n_0  |                1 |              1 |
|  clk_IBUF_BUFG                                                      |               | nolabel_line445/FileB/REG_FILE_0/MEMORY_1/Q_reg[2]_LDC_i_1__4_n_0  |                1 |              1 |
|  clk_IBUF_BUFG                                                      |               | nolabel_line443/num_ld_reg_0                                       |                1 |              1 |
|  clk_IBUF_BUFG                                                      |               | nolabel_line443/num_ld_reg_1                                       |                1 |              1 |
|  clk_IBUF_BUFG                                                      |               | nolabel_line443/num_ld_reg_10                                      |                1 |              1 |
|  clk_IBUF_BUFG                                                      |               | nolabel_line443/num_ld_reg_14                                      |                1 |              1 |
|  clk_IBUF_BUFG                                                      |               | nolabel_line443/num_ld_reg_11                                      |                1 |              1 |
|  clk_IBUF_BUFG                                                      |               | nolabel_line443/num_ld_reg_13                                      |                1 |              1 |
|  clk_IBUF_BUFG                                                      |               | nolabel_line443/num_ld_reg_15                                      |                1 |              1 |
|  clk_IBUF_BUFG                                                      |               | nolabel_line443/num_ld_reg_16                                      |                1 |              1 |
|  clk_IBUF_BUFG                                                      |               | nolabel_line443/num_ld_reg_12                                      |                1 |              1 |
|  clk_IBUF_BUFG                                                      |               | nolabel_line443/num_reg[3]_LDC_i_3                                 |                1 |              1 |
|  clk_IBUF_BUFG                                                      |               | nolabel_line443/num_reg[9]_LDC_i_3                                 |                1 |              1 |
|  clk_IBUF_BUFG                                                      |               | nolabel_line443/num_reg[6]_LDC_i_3                                 |                1 |              1 |
|  clk_IBUF_BUFG                                                      |               | nolabel_line443/num_reg[2]_LDC_i_3                                 |                1 |              1 |
|  clk_IBUF_BUFG                                                      |               | nolabel_line443/num_ld_reg_5                                       |                1 |              1 |
|  clk_IBUF_BUFG                                                      |               | nolabel_line443/num_ld_reg_9                                       |                1 |              1 |
|  clk_IBUF_BUFG                                                      |               | nolabel_line443/num_reg[12]_LDC_i_3                                |                1 |              1 |
|  clk_IBUF_BUFG                                                      |               | nolabel_line443/num_ld_reg_3                                       |                1 |              1 |
|  clk_IBUF_BUFG                                                      |               | nolabel_line443/num_reg[11]_LDC_i_3                                |                1 |              1 |
|  clk_IBUF_BUFG                                                      |               | nolabel_line443/num_ld_reg_8                                       |                1 |              1 |
|  clk_IBUF_BUFG                                                      |               | nolabel_line443/num_reg[14]_LDC_i_3                                |                1 |              1 |
|  clk_IBUF_BUFG                                                      |               | nolabel_line443/num_reg[10]_LDC_i_3                                |                1 |              1 |
|  clk_IBUF_BUFG                                                      |               | nolabel_line443/num_reg[0]_LDC_i_3                                 |                1 |              1 |
|  clk_IBUF_BUFG                                                      |               | nolabel_line443/num_ld_reg_6                                       |                1 |              1 |
|  clk_IBUF_BUFG                                                      |               | nolabel_line443/num_reg[8]_LDC_i_3                                 |                1 |              1 |
|  clk_IBUF_BUFG                                                      |               | nolabel_line443/num_reg[4]_LDC_i_3                                 |                1 |              1 |
|  clk_IBUF_BUFG                                                      |               | nolabel_line443/num_reg[5]_LDC_i_3                                 |                1 |              1 |
|  clk_IBUF_BUFG                                                      |               | nolabel_line443/num_ld_reg_2                                       |                1 |              1 |
|  clk_IBUF_BUFG                                                      |               | nolabel_line443/num_reg[13]_LDC_i_3                                |                1 |              1 |
|  clk_IBUF_BUFG                                                      |               | nolabel_line443/num_ld_reg_4                                       |                1 |              1 |
|  clk_IBUF_BUFG                                                      |               | nolabel_line443/num_reg[7]_LDC_i_3                                 |                1 |              1 |
|  clk_IBUF_BUFG                                                      |               | nolabel_line443/num_ld_reg_7                                       |                1 |              1 |
|  clk_IBUF_BUFG                                                      |               | nolabel_line443/num_reg[1]_LDC_i_3                                 |                1 |              1 |
|  clk_IBUF_BUFG                                                      |               | nolabel_line445/FileB/REG_FILE_3/MEMORY_0/Q_reg[3]_LDC_i_2__10_n_0 |                1 |              1 |
|  clk_IBUF_BUFG                                                      |               | nolabel_line445/FileB/REG_FILE_3/MEMORY_0/Q_reg[3]_LDC_i_1__10_n_0 |                1 |              1 |
|  clk_IBUF_BUFG                                                      |               | nolabel_line445/FileB/REG_FILE_3/MEMORY_0/Q_reg[2]_LDC_i_1__10_n_0 |                1 |              1 |
|  clk_IBUF_BUFG                                                      |               | nolabel_line445/FileB/REG_FILE_3/MEMORY_0/Q_reg[1]_LDC_i_1__10_n_0 |                1 |              1 |
|  clk_IBUF_BUFG                                                      |               | nolabel_line445/FileB/REG_FILE_3/MEMORY_0/Q_reg[1]_LDC_i_2__10_n_0 |                1 |              1 |
|  clk_IBUF_BUFG                                                      |               | nolabel_line445/FileB/REG_FILE_3/MEMORY_0/Q_reg[2]_LDC_i_2__10_n_0 |                1 |              1 |
|  clk_IBUF_BUFG                                                      |               | nolabel_line445/FileB/REG_FILE_3/MEMORY_0/Q_reg[0]_LDC_i_1__10_n_0 |                1 |              1 |
|  clk_IBUF_BUFG                                                      |               | nolabel_line445/FileB/REG_FILE_3/MEMORY_0/Q_reg[0]_LDC_i_2__10_n_0 |                1 |              1 |
|  clk_IBUF_BUFG                                                      |               | nolabel_line445/FileB/REG_FILE_3/MEMORY_1/Q_reg[1]_LDC_i_1__8_n_0  |                1 |              1 |
|  clk_IBUF_BUFG                                                      |               | nolabel_line445/FileB/REG_FILE_3/MEMORY_1/Q_reg[0]_LDC_i_2__8_n_0  |                1 |              1 |
|  clk_IBUF_BUFG                                                      |               | nolabel_line445/FileB/REG_FILE_3/MEMORY_1/Q_reg[1]_LDC_i_2__8_n_0  |                1 |              1 |
|  clk_IBUF_BUFG                                                      |               | nolabel_line445/FileB/REG_FILE_3/MEMORY_1/Q_reg[0]_LDC_i_1__8_n_0  |                1 |              1 |
|  clk_IBUF_BUFG                                                      |               | nolabel_line445/FileB/REG_FILE_3/MEMORY_1/Q_reg[2]_LDC_i_2__8_n_0  |                1 |              1 |
|  clk_IBUF_BUFG                                                      |               | nolabel_line445/FileB/REG_FILE_3/MEMORY_1/Q_reg[3]_LDC_i_1__8_n_0  |                1 |              1 |
|  clk_IBUF_BUFG                                                      |               | nolabel_line445/FileB/REG_FILE_3/MEMORY_1/Q_reg[2]_LDC_i_1__8_n_0  |                1 |              1 |
|  clk_IBUF_BUFG                                                      |               | nolabel_line445/FileB/REG_FILE_3/MEMORY_1/Q_reg[3]_LDC_i_2__8_n_0  |                1 |              1 |
|  clk_IBUF_BUFG                                                      |               | nolabel_line445/FileB/REG_FILE_3/MEMORY_2/Q_reg[2]_LDC_i_2__9_n_0  |                1 |              1 |
|  clk_IBUF_BUFG                                                      |               | nolabel_line445/FileB/REG_FILE_3/MEMORY_2/Q_reg[1]_LDC_i_1__9_n_0  |                1 |              1 |
|  clk_IBUF_BUFG                                                      |               | nolabel_line445/FileB/REG_FILE_3/MEMORY_2/Q_reg[1]_LDC_i_2__9_n_0  |                1 |              1 |
|  clk_IBUF_BUFG                                                      |               | nolabel_line445/FileB/REG_FILE_3/MEMORY_2/Q_reg[0]_LDC_i_1__9_n_0  |                1 |              1 |
|  clk_IBUF_BUFG                                                      |               | nolabel_line445/FileB/REG_FILE_3/MEMORY_2/Q_reg[3]_LDC_i_1__9_n_0  |                1 |              1 |
|  clk_IBUF_BUFG                                                      |               | nolabel_line445/FileB/REG_FILE_3/MEMORY_2/Q_reg[3]_LDC_i_2__9_n_0  |                1 |              1 |
|  clk_IBUF_BUFG                                                      |               | nolabel_line445/FileB/REG_FILE_3/MEMORY_2/Q_reg[2]_LDC_i_1__9_n_0  |                1 |              1 |
|  clk_IBUF_BUFG                                                      |               | nolabel_line445/FileB/REG_FILE_3/MEMORY_2/Q_reg[0]_LDC_i_2__9_n_0  |                1 |              1 |
|  clk_IBUF_BUFG                                                      |               | nolabel_line445/FileB/REG_FILE_3/MEMORY_3/Q_reg[3]_LDC_i_1__7_n_0  |                1 |              1 |
|  clk_IBUF_BUFG                                                      |               | nolabel_line445/FileB/REG_FILE_3/MEMORY_3/Q_reg[1]_LDC_i_2__7_n_0  |                1 |              1 |
|  clk_IBUF_BUFG                                                      |               | nolabel_line445/FileB/REG_FILE_3/MEMORY_3/Q_reg[2]_LDC_i_2__7_n_0  |                1 |              1 |
|  clk_IBUF_BUFG                                                      |               | nolabel_line445/FileB/REG_FILE_3/MEMORY_3/Q_reg[2]_LDC_i_1__7_n_0  |                1 |              1 |
|  clk_IBUF_BUFG                                                      |               | nolabel_line445/FileB/REG_FILE_3/MEMORY_3/Q_reg[0]_LDC_i_2__7_n_0  |                1 |              1 |
|  clk_IBUF_BUFG                                                      |               | nolabel_line445/FileB/REG_FILE_3/MEMORY_3/Q_reg[1]_LDC_i_1__7_n_0  |                1 |              1 |
|  clk_IBUF_BUFG                                                      |               | nolabel_line445/FileB/REG_FILE_3/MEMORY_3/Q_reg[0]_LDC_i_1__7_n_0  |                1 |              1 |
|  clk_IBUF_BUFG                                                      |               | nolabel_line445/FileB/REG_FILE_3/MEMORY_3/Q_reg[3]_LDC_i_2__7_n_0  |                1 |              1 |
|  clk_IBUF_BUFG                                                      |               | nolabel_line445/FileB/REG_FILE_0/MEMORY_2/Q_reg[1]_LDC_i_2__5_n_0  |                1 |              1 |
|  clk_IBUF_BUFG                                                      |               | nolabel_line445/FileB/REG_FILE_0/MEMORY_2/Q_reg[2]_LDC_i_1__5_n_0  |                1 |              1 |
|  clk_IBUF_BUFG                                                      |               | nolabel_line445/FileB/REG_FILE_0/MEMORY_2/Q_reg[0]_LDC_i_1__5_n_0  |                1 |              1 |
|  clk_IBUF_BUFG                                                      |               | nolabel_line445/FileB/REG_FILE_0/MEMORY_2/Q_reg[0]_LDC_i_2__5_n_0  |                1 |              1 |
|  clk_IBUF_BUFG                                                      |               | nolabel_line445/FileB/REG_FILE_0/MEMORY_2/Q_reg[1]_LDC_i_1__5_n_0  |                1 |              1 |
|  clk_IBUF_BUFG                                                      |               | nolabel_line445/FileB/REG_FILE_0/MEMORY_2/Q_reg[3]_LDC_i_1__5_n_0  |                1 |              1 |
|  clk_IBUF_BUFG                                                      |               | nolabel_line445/FileB/REG_FILE_0/MEMORY_2/Q_reg[3]_LDC_i_2__5_n_0  |                1 |              1 |
|  clk_IBUF_BUFG                                                      |               | nolabel_line445/FileB/REG_FILE_0/MEMORY_2/Q_reg[2]_LDC_i_2__5_n_0  |                1 |              1 |
|  clk_IBUF_BUFG                                                      |               | nolabel_line445/FileB/REG_FILE_0/MEMORY_3/Q_reg[0]_LDC_i_1__3_n_0  |                1 |              1 |
|  clk_IBUF_BUFG                                                      |               | nolabel_line445/FileB/REG_FILE_0/MEMORY_3/Q_reg[0]_LDC_i_2__3_n_0  |                1 |              1 |
|  clk_IBUF_BUFG                                                      |               | nolabel_line445/FileB/REG_FILE_0/MEMORY_3/Q_reg[3]_LDC_i_2__3_n_0  |                1 |              1 |
|  clk_IBUF_BUFG                                                      |               | nolabel_line445/FileB/REG_FILE_0/MEMORY_3/Q_reg[2]_LDC_i_1__3_n_0  |                1 |              1 |
|  clk_IBUF_BUFG                                                      |               | nolabel_line445/FileB/REG_FILE_0/MEMORY_3/Q_reg[2]_LDC_i_2__3_n_0  |                1 |              1 |
|  clk_IBUF_BUFG                                                      |               | nolabel_line445/FileB/REG_FILE_0/MEMORY_3/Q_reg[3]_LDC_i_1__3_n_0  |                1 |              1 |
|  clk_IBUF_BUFG                                                      |               | nolabel_line445/FileB/REG_FILE_0/MEMORY_3/Q_reg[1]_LDC_i_1__3_n_0  |                1 |              1 |
|  clk_IBUF_BUFG                                                      |               | nolabel_line445/FileB/REG_FILE_0/MEMORY_3/Q_reg[1]_LDC_i_2__3_n_0  |                1 |              1 |
|  clk_IBUF_BUFG                                                      |               | nolabel_line445/FileB/REG_FILE_1/MEMORY_0/Q_reg[0]_LDC_i_1__14_n_0 |                1 |              1 |
|  clk_IBUF_BUFG                                                      |               | nolabel_line445/FileB/REG_FILE_1/MEMORY_0/Q_reg[2]_LDC_i_2__14_n_0 |                1 |              1 |
|  clk_IBUF_BUFG                                                      |               | nolabel_line445/FileB/REG_FILE_1/MEMORY_0/Q_reg[3]_LDC_i_1__14_n_0 |                1 |              1 |
|  clk_IBUF_BUFG                                                      |               | nolabel_line445/FileB/REG_FILE_1/MEMORY_0/Q_reg[1]_LDC_i_1__14_n_0 |                1 |              1 |
|  clk_IBUF_BUFG                                                      |               | nolabel_line445/FileB/REG_FILE_1/MEMORY_0/Q_reg[1]_LDC_i_2__14_n_0 |                1 |              1 |
|  clk_IBUF_BUFG                                                      |               | nolabel_line445/FileB/REG_FILE_1/MEMORY_0/Q_reg[3]_LDC_i_2__14_n_0 |                1 |              1 |
|  clk_IBUF_BUFG                                                      |               | nolabel_line445/FileB/REG_FILE_1/MEMORY_0/Q_reg[0]_LDC_i_2__14_n_0 |                1 |              1 |
|  clk_IBUF_BUFG                                                      |               | nolabel_line445/FileB/REG_FILE_1/MEMORY_0/Q_reg[2]_LDC_i_1__14_n_0 |                1 |              1 |
|  clk_IBUF_BUFG                                                      |               | nolabel_line445/FileB/REG_FILE_1/MEMORY_1/Q_reg[2]_LDC_i_2__12_n_0 |                1 |              1 |
|  clk_IBUF_BUFG                                                      |               | nolabel_line445/FileB/REG_FILE_1/MEMORY_1/Q_reg[0]_LDC_i_1__12_n_0 |                1 |              1 |
|  clk_IBUF_BUFG                                                      |               | nolabel_line445/FileB/REG_FILE_1/MEMORY_1/Q_reg[1]_LDC_i_2__12_n_0 |                1 |              1 |
|  clk_IBUF_BUFG                                                      |               | nolabel_line445/FileB/REG_FILE_1/MEMORY_1/Q_reg[1]_LDC_i_1__12_n_0 |                1 |              1 |
|  clk_IBUF_BUFG                                                      |               | nolabel_line445/FileB/REG_FILE_1/MEMORY_1/Q_reg[0]_LDC_i_2__12_n_0 |                1 |              1 |
|  clk_IBUF_BUFG                                                      |               | nolabel_line445/FileB/REG_FILE_1/MEMORY_1/Q_reg[3]_LDC_i_2__12_n_0 |                1 |              1 |
|  clk_IBUF_BUFG                                                      |               | nolabel_line445/FileB/REG_FILE_1/MEMORY_1/Q_reg[3]_LDC_i_1__12_n_0 |                1 |              1 |
|  clk_IBUF_BUFG                                                      |               | nolabel_line445/FileB/REG_FILE_1/MEMORY_1/Q_reg[2]_LDC_i_1__12_n_0 |                1 |              1 |
|  clk_IBUF_BUFG                                                      |               | nolabel_line445/FileB/REG_FILE_1/MEMORY_2/Q_reg[3]_LDC_i_2__13_n_0 |                1 |              1 |
|  clk_IBUF_BUFG                                                      |               | nolabel_line445/FileB/REG_FILE_1/MEMORY_2/Q_reg[2]_LDC_i_1__13_n_0 |                1 |              1 |
|  clk_IBUF_BUFG                                                      |               | nolabel_line445/FileB/REG_FILE_1/MEMORY_2/Q_reg[0]_LDC_i_2__13_n_0 |                1 |              1 |
|  clk_IBUF_BUFG                                                      |               | nolabel_line445/FileB/REG_FILE_1/MEMORY_2/Q_reg[2]_LDC_i_2__13_n_0 |                1 |              1 |
|  clk_IBUF_BUFG                                                      |               | nolabel_line445/FileB/REG_FILE_1/MEMORY_2/Q_reg[1]_LDC_i_2__13_n_0 |                1 |              1 |
|  clk_IBUF_BUFG                                                      |               | nolabel_line445/FileB/REG_FILE_1/MEMORY_2/Q_reg[0]_LDC_i_1__13_n_0 |                1 |              1 |
|  clk_IBUF_BUFG                                                      |               | nolabel_line445/FileB/REG_FILE_1/MEMORY_2/Q_reg[1]_LDC_i_1__13_n_0 |                1 |              1 |
|  clk_IBUF_BUFG                                                      |               | nolabel_line445/FileB/REG_FILE_1/MEMORY_2/Q_reg[3]_LDC_i_1__13_n_0 |                1 |              1 |
|  clk_IBUF_BUFG                                                      |               | nolabel_line445/FileB/REG_FILE_1/MEMORY_3/Q_reg[3]_LDC_i_2__11_n_0 |                1 |              1 |
|  clk_IBUF_BUFG                                                      |               | nolabel_line445/FileB/REG_FILE_1/MEMORY_3/Q_reg[1]_LDC_i_1__11_n_0 |                1 |              1 |
|  clk_IBUF_BUFG                                                      |               | nolabel_line445/FileB/REG_FILE_1/MEMORY_3/Q_reg[0]_LDC_i_1__11_n_0 |                1 |              1 |
|  clk_IBUF_BUFG                                                      |               | nolabel_line445/FileB/REG_FILE_1/MEMORY_3/Q_reg[1]_LDC_i_2__11_n_0 |                1 |              1 |
|  clk_IBUF_BUFG                                                      |               | nolabel_line445/FileB/REG_FILE_1/MEMORY_3/Q_reg[0]_LDC_i_2__11_n_0 |                1 |              1 |
|  clk_IBUF_BUFG                                                      |               | nolabel_line445/FileB/REG_FILE_1/MEMORY_3/Q_reg[2]_LDC_i_1__11_n_0 |                1 |              1 |
|  clk_IBUF_BUFG                                                      |               | nolabel_line445/FileB/REG_FILE_1/MEMORY_3/Q_reg[2]_LDC_i_2__11_n_0 |                1 |              1 |
|  clk_IBUF_BUFG                                                      |               | nolabel_line445/FileB/REG_FILE_1/MEMORY_3/Q_reg[3]_LDC_i_1__11_n_0 |                1 |              1 |
|  clk_IBUF_BUFG                                                      |               | nolabel_line445/FileB/REG_FILE_2/MEMORY_0/Q_reg[0]_LDC_i_2__2_n_0  |                1 |              1 |
|  clk_IBUF_BUFG                                                      |               | nolabel_line445/FileB/REG_FILE_2/MEMORY_0/Q_reg[3]_LDC_i_1__2_n_0  |                1 |              1 |
|  clk_IBUF_BUFG                                                      |               | nolabel_line445/FileB/REG_FILE_2/MEMORY_0/Q_reg[3]_LDC_i_2__2_n_0  |                1 |              1 |
|  clk_IBUF_BUFG                                                      |               | nolabel_line445/FileB/REG_FILE_2/MEMORY_0/Q_reg[1]_LDC_i_2__2_n_0  |                1 |              1 |
|  clk_IBUF_BUFG                                                      |               | nolabel_line445/FileB/REG_FILE_2/MEMORY_0/Q_reg[2]_LDC_i_1__2_n_0  |                1 |              1 |
|  clk_IBUF_BUFG                                                      |               | nolabel_line445/FileB/REG_FILE_2/MEMORY_0/Q_reg[2]_LDC_i_2__2_n_0  |                1 |              1 |
|  clk_IBUF_BUFG                                                      |               | nolabel_line445/FileB/REG_FILE_2/MEMORY_0/Q_reg[1]_LDC_i_1__2_n_0  |                1 |              1 |
|  clk_IBUF_BUFG                                                      |               | nolabel_line445/FileB/REG_FILE_2/MEMORY_0/Q_reg[0]_LDC_i_1__2_n_0  |                1 |              1 |
|  clk_IBUF_BUFG                                                      |               | nolabel_line445/FileB/REG_FILE_2/MEMORY_1/Q_reg[0]_LDC_i_1__0_n_0  |                1 |              1 |
|  clk_IBUF_BUFG                                                      |               | nolabel_line445/FileB/REG_FILE_2/MEMORY_1/Q_reg[0]_LDC_i_2__0_n_0  |                1 |              1 |
|  clk_IBUF_BUFG                                                      |               | nolabel_line445/FileB/REG_FILE_2/MEMORY_1/Q_reg[1]_LDC_i_1__0_n_0  |                1 |              1 |
|  clk_IBUF_BUFG                                                      |               | nolabel_line445/FileB/REG_FILE_2/MEMORY_1/Q_reg[2]_LDC_i_1__0_n_0  |                1 |              1 |
|  clk_IBUF_BUFG                                                      |               | nolabel_line445/FileB/REG_FILE_2/MEMORY_1/Q_reg[2]_LDC_i_2__0_n_0  |                1 |              1 |
|  clk_IBUF_BUFG                                                      |               | nolabel_line445/FileB/REG_FILE_2/MEMORY_1/Q_reg[1]_LDC_i_2__0_n_0  |                1 |              1 |
|  clk_IBUF_BUFG                                                      |               | nolabel_line445/FileB/REG_FILE_2/MEMORY_1/Q_reg[3]_LDC_i_1__0_n_0  |                1 |              1 |
|  clk_IBUF_BUFG                                                      |               | nolabel_line445/FileB/REG_FILE_2/MEMORY_1/Q_reg[3]_LDC_i_2__0_n_0  |                1 |              1 |
|  clk_IBUF_BUFG                                                      |               | nolabel_line445/FileB/REG_FILE_2/MEMORY_2/Q_reg[1]_LDC_i_1__1_n_0  |                1 |              1 |
|  clk_IBUF_BUFG                                                      |               | nolabel_line445/FileB/REG_FILE_2/MEMORY_2/Q_reg[0]_LDC_i_1__1_n_0  |                1 |              1 |
|  clk_IBUF_BUFG                                                      |               | nolabel_line445/FileB/REG_FILE_2/MEMORY_2/Q_reg[2]_LDC_i_1__1_n_0  |                1 |              1 |
|  clk_IBUF_BUFG                                                      |               | nolabel_line445/FileB/REG_FILE_2/MEMORY_2/Q_reg[3]_LDC_i_2__1_n_0  |                1 |              1 |
|  clk_IBUF_BUFG                                                      |               | nolabel_line445/FileB/REG_FILE_2/MEMORY_2/Q_reg[1]_LDC_i_2__1_n_0  |                1 |              1 |
|  clk_IBUF_BUFG                                                      |               | nolabel_line445/FileB/REG_FILE_2/MEMORY_2/Q_reg[2]_LDC_i_2__1_n_0  |                1 |              1 |
|  clk_IBUF_BUFG                                                      |               | nolabel_line445/FileB/REG_FILE_2/MEMORY_2/Q_reg[3]_LDC_i_1__1_n_0  |                1 |              1 |
|  clk_IBUF_BUFG                                                      |               | nolabel_line445/FileB/REG_FILE_2/MEMORY_2/Q_reg[0]_LDC_i_2__1_n_0  |                1 |              1 |
|  clk_IBUF_BUFG                                                      |               | nolabel_line445/FileB/REG_FILE_2/MEMORY_3/Q_reg[3]_LDC_i_1_n_0     |                1 |              1 |
|  clk_IBUF_BUFG                                                      |               | nolabel_line445/FileB/REG_FILE_2/MEMORY_3/Q_reg[0]_LDC_i_2_n_0     |                1 |              1 |
|  clk_IBUF_BUFG                                                      |               | nolabel_line445/FileB/REG_FILE_2/MEMORY_3/Q_reg[0]_LDC_i_1_n_0     |                1 |              1 |
|  clk_IBUF_BUFG                                                      |               | nolabel_line445/FileB/REG_FILE_2/MEMORY_3/Q_reg[2]_LDC_i_1_n_0     |                1 |              1 |
|  clk_IBUF_BUFG                                                      |               | nolabel_line445/FileB/REG_FILE_2/MEMORY_3/Q_reg[3]_LDC_i_2_n_0     |                1 |              1 |
|  clk_IBUF_BUFG                                                      |               | nolabel_line445/FileB/REG_FILE_2/MEMORY_3/Q_reg[1]_LDC_i_2_n_0     |                1 |              1 |
|  clk_IBUF_BUFG                                                      |               | nolabel_line445/FileB/REG_FILE_2/MEMORY_3/Q_reg[1]_LDC_i_1_n_0     |                1 |              1 |
|  clk_IBUF_BUFG                                                      |               | nolabel_line445/FileB/REG_FILE_2/MEMORY_3/Q_reg[2]_LDC_i_2_n_0     |                1 |              1 |
|  nolabel_line445/FileB/REG_FILE_2/MEMORY_3/Q_reg[2]_C_1             |               | nolabel_line445/FileB/REG_FILE_2/MEMORY_3/Q_reg[2]_C_0             |                1 |              1 |
|  f                                                                  |               | nolabel_line460/oe0                                                |                1 |              1 |
|  nolabel_line445/FileB/REG_FILE_2/MEMORY_3/Q_reg[1]_LDC_i_1_n_0     |               | nolabel_line445/FileB/REG_FILE_2/MEMORY_3/Q_reg[1]_LDC_i_2_n_0     |                1 |              1 |
| ~f                                                                  |               | nolabel_line460/mr_reg_i_1_n_0                                     |                1 |              1 |
|  nolabel_line445/FileB/REG_FILE_2/MEMORY_3/Q_reg[0]_C_1             |               | nolabel_line445/FileB/REG_FILE_2/MEMORY_3/Q_reg[0]_C_0             |                1 |              1 |
|  cells_ld_BUFG                                                      |               | nolabel_line445/FileB/REG_FILE_0/MEMORY_0/Q_reg[0]_C_0             |                1 |              1 |
|  cells_ld_BUFG                                                      |               | nolabel_line445/FileB/REG_FILE_0/MEMORY_0/Q_reg[0]_C_1             |                1 |              1 |
|  cells_ld_BUFG                                                      |               | nolabel_line445/FileB/REG_FILE_0/MEMORY_0/Q_reg[2]_C_1             |                1 |              1 |
|  cells_ld_BUFG                                                      |               | nolabel_line445/FileB/REG_FILE_0/MEMORY_0/Q_reg[2]_C_0             |                1 |              1 |
|  cells_ld_BUFG                                                      |               | nolabel_line445/FileB/REG_FILE_0/MEMORY_0/Q_reg[1]_C_0             |                1 |              1 |
|  cells_ld_BUFG                                                      |               | nolabel_line445/FileB/REG_FILE_0/MEMORY_0/Q_reg[3]_C_1             |                1 |              1 |
|  cells_ld_BUFG                                                      |               | nolabel_line445/FileB/REG_FILE_0/MEMORY_0/Q_reg[3]_C_0             |                1 |              1 |
|  cells_ld_BUFG                                                      |               | nolabel_line445/FileB/REG_FILE_0/MEMORY_0/Q_reg[1]_C_1             |                1 |              1 |
|  cells_ld_BUFG                                                      |               | nolabel_line445/FileB/REG_FILE_0/MEMORY_1/Q_reg[0]_C_0             |                1 |              1 |
|  cells_ld_BUFG                                                      |               | nolabel_line445/FileB/REG_FILE_0/MEMORY_1/Q_reg[0]_C_1             |                1 |              1 |
|  cells_ld_BUFG                                                      |               | nolabel_line445/FileB/REG_FILE_0/MEMORY_1/Q_reg[1]_C_1             |                1 |              1 |
|  cells_ld_BUFG                                                      |               | nolabel_line445/FileB/REG_FILE_0/MEMORY_1/Q_reg[1]_C_0             |                1 |              1 |
|  cells_ld_BUFG                                                      |               | nolabel_line445/FileB/REG_FILE_0/MEMORY_1/Q_reg[2]_C_0             |                1 |              1 |
|  cells_ld_BUFG                                                      |               | nolabel_line445/FileB/REG_FILE_0/MEMORY_1/Q_reg[3]_C_1             |                1 |              1 |
|  cells_ld_BUFG                                                      |               | nolabel_line445/FileB/REG_FILE_0/MEMORY_1/Q_reg[3]_C_0             |                1 |              1 |
|  cells_ld_BUFG                                                      |               | nolabel_line445/FileB/REG_FILE_0/MEMORY_1/Q_reg[2]_C_1             |                1 |              1 |
|  cells_ld_BUFG                                                      |               | nolabel_line445/FileB/REG_FILE_3/MEMORY_0/Q_reg[1]_C_1             |                1 |              1 |
|  cells_ld_BUFG                                                      |               | nolabel_line445/FileB/REG_FILE_3/MEMORY_0/Q_reg[2]_C_0             |                1 |              1 |
|  cells_ld_BUFG                                                      |               | nolabel_line445/FileB/REG_FILE_3/MEMORY_0/Q_reg[3]_C_0             |                1 |              1 |
|  cells_ld_BUFG                                                      |               | nolabel_line445/FileB/REG_FILE_3/MEMORY_0/Q_reg[0]_C_1             |                1 |              1 |
|  cells_ld_BUFG                                                      |               | nolabel_line445/FileB/REG_FILE_3/MEMORY_0/Q_reg[3]_C_1             |                1 |              1 |
|  cells_ld_BUFG                                                      |               | nolabel_line445/FileB/REG_FILE_3/MEMORY_0/Q_reg[2]_C_1             |                1 |              1 |
|  cells_ld_BUFG                                                      |               | nolabel_line445/FileB/REG_FILE_3/MEMORY_0/Q_reg[0]_C_0             |                1 |              1 |
|  cells_ld_BUFG                                                      |               | nolabel_line445/FileB/REG_FILE_3/MEMORY_0/Q_reg[1]_C_0             |                1 |              1 |
|  cells_ld_BUFG                                                      |               | nolabel_line445/FileB/REG_FILE_3/MEMORY_1/Q_reg[0]_C_0             |                1 |              1 |
|  cells_ld_BUFG                                                      |               | nolabel_line445/FileB/REG_FILE_3/MEMORY_1/Q_reg[1]_C_1             |                1 |              1 |
|  cells_ld_BUFG                                                      |               | nolabel_line445/FileB/REG_FILE_3/MEMORY_1/Q_reg[0]_C_1             |                1 |              1 |
|  cells_ld_BUFG                                                      |               | nolabel_line445/FileB/REG_FILE_3/MEMORY_1/Q_reg[1]_C_0             |                1 |              1 |
|  cells_ld_BUFG                                                      |               | nolabel_line445/FileB/REG_FILE_3/MEMORY_1/Q_reg[2]_C_0             |                1 |              1 |
|  cells_ld_BUFG                                                      |               | nolabel_line445/FileB/REG_FILE_3/MEMORY_1/Q_reg[2]_C_1             |                1 |              1 |
|  cells_ld_BUFG                                                      |               | nolabel_line445/FileB/REG_FILE_3/MEMORY_1/Q_reg[3]_C_0             |                1 |              1 |
|  cells_ld_BUFG                                                      |               | nolabel_line445/FileB/REG_FILE_3/MEMORY_1/Q_reg[3]_C_1             |                1 |              1 |
|  cells_ld_BUFG                                                      |               | nolabel_line445/FileB/REG_FILE_3/MEMORY_2/Q_reg[1]_C_1             |                1 |              1 |
|  cells_ld_BUFG                                                      |               | nolabel_line445/FileB/REG_FILE_3/MEMORY_2/Q_reg[2]_C_1             |                1 |              1 |
|  cells_ld_BUFG                                                      |               | nolabel_line445/FileB/REG_FILE_3/MEMORY_2/Q_reg[0]_C_0             |                1 |              1 |
|  cells_ld_BUFG                                                      |               | nolabel_line445/FileB/REG_FILE_3/MEMORY_2/Q_reg[3]_C_0             |                1 |              1 |
|  cells_ld_BUFG                                                      |               | nolabel_line445/FileB/REG_FILE_3/MEMORY_2/Q_reg[3]_C_1             |                1 |              1 |
|  cells_ld_BUFG                                                      |               | nolabel_line445/FileB/REG_FILE_3/MEMORY_2/Q_reg[2]_C_0             |                1 |              1 |
|  cells_ld_BUFG                                                      |               | nolabel_line445/FileB/REG_FILE_3/MEMORY_2/Q_reg[1]_C_0             |                1 |              1 |
|  cells_ld_BUFG                                                      |               | nolabel_line445/FileB/REG_FILE_3/MEMORY_2/Q_reg[0]_C_1             |                1 |              1 |
|  cells_ld_BUFG                                                      |               | nolabel_line445/FileB/REG_FILE_3/MEMORY_3/Q_reg[2]_C_1             |                1 |              1 |
|  cells_ld_BUFG                                                      |               | nolabel_line445/FileB/REG_FILE_3/MEMORY_3/Q_reg[0]_C_0             |                1 |              1 |
|  cells_ld_BUFG                                                      |               | nolabel_line445/FileB/REG_FILE_3/MEMORY_3/Q_reg[1]_C_0             |                1 |              1 |
|  cells_ld_BUFG                                                      |               | nolabel_line445/FileB/REG_FILE_3/MEMORY_3/Q_reg[3]_C_0             |                1 |              1 |
|  cells_ld_BUFG                                                      |               | nolabel_line445/FileB/REG_FILE_3/MEMORY_3/Q_reg[0]_C_1             |                1 |              1 |
|  cells_ld_BUFG                                                      |               | nolabel_line445/FileB/REG_FILE_3/MEMORY_3/Q_reg[2]_C_0             |                1 |              1 |
|  cells_ld_BUFG                                                      |               | nolabel_line445/FileB/REG_FILE_3/MEMORY_3/Q_reg[3]_C_1             |                1 |              1 |
|  cells_ld_BUFG                                                      |               | nolabel_line445/FileB/REG_FILE_3/MEMORY_3/Q_reg[1]_C_1             |                1 |              1 |
|  cells_ld_BUFG                                                      |               | nolabel_line445/FileB/REG_FILE_0/MEMORY_2/Q_reg[0]_C_0             |                1 |              1 |
|  cells_ld_BUFG                                                      |               | nolabel_line445/FileB/REG_FILE_0/MEMORY_2/Q_reg[3]_C_1             |                1 |              1 |
|  cells_ld_BUFG                                                      |               | nolabel_line445/FileB/REG_FILE_0/MEMORY_2/Q_reg[3]_C_0             |                1 |              1 |
|  cells_ld_BUFG                                                      |               | nolabel_line445/FileB/REG_FILE_0/MEMORY_2/Q_reg[0]_C_1             |                1 |              1 |
|  cells_ld_BUFG                                                      |               | nolabel_line445/FileB/REG_FILE_0/MEMORY_2/Q_reg[2]_C_0             |                1 |              1 |
|  cells_ld_BUFG                                                      |               | nolabel_line445/FileB/REG_FILE_0/MEMORY_2/Q_reg[2]_C_1             |                1 |              1 |
|  cells_ld_BUFG                                                      |               | nolabel_line445/FileB/REG_FILE_0/MEMORY_2/Q_reg[1]_C_0             |                1 |              1 |
|  cells_ld_BUFG                                                      |               | nolabel_line445/FileB/REG_FILE_0/MEMORY_2/Q_reg[1]_C_1             |                1 |              1 |
|  cells_ld_BUFG                                                      |               | nolabel_line445/FileB/REG_FILE_0/MEMORY_3/Q_reg[1]_C_1             |                1 |              1 |
|  cells_ld_BUFG                                                      |               | nolabel_line445/FileB/REG_FILE_0/MEMORY_3/Q_reg[0]_C_0             |                1 |              1 |
|  cells_ld_BUFG                                                      |               | nolabel_line445/FileB/REG_FILE_0/MEMORY_3/Q_reg[0]_C_1             |                1 |              1 |
|  cells_ld_BUFG                                                      |               | nolabel_line445/FileB/REG_FILE_0/MEMORY_3/Q_reg[3]_C_1             |                1 |              1 |
|  cells_ld_BUFG                                                      |               | nolabel_line445/FileB/REG_FILE_0/MEMORY_3/Q_reg[2]_C_1             |                1 |              1 |
|  cells_ld_BUFG                                                      |               | nolabel_line445/FileB/REG_FILE_0/MEMORY_3/Q_reg[1]_C_0             |                1 |              1 |
|  cells_ld_BUFG                                                      |               | nolabel_line445/FileB/REG_FILE_0/MEMORY_3/Q_reg[3]_C_0             |                1 |              1 |
|  cells_ld_BUFG                                                      |               | nolabel_line445/FileB/REG_FILE_0/MEMORY_3/Q_reg[2]_C_0             |                1 |              1 |
|  cells_ld_BUFG                                                      |               | nolabel_line445/FileB/REG_FILE_1/MEMORY_0/Q_reg[0]_C_0             |                1 |              1 |
|  cells_ld_BUFG                                                      |               | nolabel_line445/FileB/REG_FILE_1/MEMORY_0/Q_reg[0]_C_1             |                1 |              1 |
|  cells_ld_BUFG                                                      |               | nolabel_line445/FileB/REG_FILE_1/MEMORY_0/Q_reg[3]_C_0             |                1 |              1 |
|  cells_ld_BUFG                                                      |               | nolabel_line445/FileB/REG_FILE_1/MEMORY_0/Q_reg[1]_C_0             |                1 |              1 |
|  cells_ld_BUFG                                                      |               | nolabel_line445/FileB/REG_FILE_1/MEMORY_0/Q_reg[3]_C_1             |                1 |              1 |
|  cells_ld_BUFG                                                      |               | nolabel_line445/FileB/REG_FILE_1/MEMORY_0/Q_reg[1]_C_1             |                1 |              1 |
|  cells_ld_BUFG                                                      |               | nolabel_line445/FileB/REG_FILE_1/MEMORY_0/Q_reg[2]_C_0             |                1 |              1 |
|  cells_ld_BUFG                                                      |               | nolabel_line445/FileB/REG_FILE_1/MEMORY_0/Q_reg[2]_C_1             |                1 |              1 |
|  cells_ld_BUFG                                                      |               | nolabel_line445/FileB/REG_FILE_1/MEMORY_1/Q_reg[0]_C_0             |                1 |              1 |
|  cells_ld_BUFG                                                      |               | nolabel_line445/FileB/REG_FILE_1/MEMORY_1/Q_reg[2]_C_1             |                1 |              1 |
|  cells_ld_BUFG                                                      |               | nolabel_line445/FileB/REG_FILE_1/MEMORY_1/Q_reg[3]_C_0             |                1 |              1 |
|  cells_ld_BUFG                                                      |               | nolabel_line445/FileB/REG_FILE_1/MEMORY_1/Q_reg[0]_C_1             |                1 |              1 |
|  cells_ld_BUFG                                                      |               | nolabel_line445/FileB/REG_FILE_1/MEMORY_1/Q_reg[1]_C_1             |                1 |              1 |
|  cells_ld_BUFG                                                      |               | nolabel_line445/FileB/REG_FILE_1/MEMORY_1/Q_reg[1]_C_0             |                1 |              1 |
|  cells_ld_BUFG                                                      |               | nolabel_line445/FileB/REG_FILE_1/MEMORY_1/Q_reg[3]_C_1             |                1 |              1 |
|  cells_ld_BUFG                                                      |               | nolabel_line445/FileB/REG_FILE_1/MEMORY_1/Q_reg[2]_C_0             |                1 |              1 |
|  cells_ld_BUFG                                                      |               | nolabel_line445/FileB/REG_FILE_1/MEMORY_2/Q_reg[2]_C_1             |                1 |              1 |
|  cells_ld_BUFG                                                      |               | nolabel_line445/FileB/REG_FILE_1/MEMORY_2/Q_reg[3]_C_1             |                1 |              1 |
|  cells_ld_BUFG                                                      |               | nolabel_line445/FileB/REG_FILE_1/MEMORY_2/Q_reg[0]_C_0             |                1 |              1 |
|  cells_ld_BUFG                                                      |               | nolabel_line445/FileB/REG_FILE_1/MEMORY_2/Q_reg[3]_C_0             |                1 |              1 |
|  cells_ld_BUFG                                                      |               | nolabel_line445/FileB/REG_FILE_1/MEMORY_2/Q_reg[0]_C_1             |                1 |              1 |
|  cells_ld_BUFG                                                      |               | nolabel_line445/FileB/REG_FILE_1/MEMORY_2/Q_reg[1]_C_0             |                1 |              1 |
|  cells_ld_BUFG                                                      |               | nolabel_line445/FileB/REG_FILE_1/MEMORY_2/Q_reg[1]_C_1             |                1 |              1 |
|  cells_ld_BUFG                                                      |               | nolabel_line445/FileB/REG_FILE_1/MEMORY_2/Q_reg[2]_C_0             |                1 |              1 |
|  cells_ld_BUFG                                                      |               | nolabel_line445/FileB/REG_FILE_1/MEMORY_3/Q_reg[1]_C_0             |                1 |              1 |
|  cells_ld_BUFG                                                      |               | nolabel_line445/FileB/REG_FILE_1/MEMORY_3/Q_reg[1]_C_1             |                1 |              1 |
|  cells_ld_BUFG                                                      |               | nolabel_line445/FileB/REG_FILE_1/MEMORY_3/Q_reg[0]_C_1             |                1 |              1 |
|  cells_ld_BUFG                                                      |               | nolabel_line445/FileB/REG_FILE_1/MEMORY_3/Q_reg[3]_C_1             |                1 |              1 |
|  cells_ld_BUFG                                                      |               | nolabel_line445/FileB/REG_FILE_1/MEMORY_3/Q_reg[0]_C_0             |                1 |              1 |
|  cells_ld_BUFG                                                      |               | nolabel_line445/FileB/REG_FILE_1/MEMORY_3/Q_reg[3]_C_0             |                1 |              1 |
|  cells_ld_BUFG                                                      |               | nolabel_line445/FileB/REG_FILE_1/MEMORY_3/Q_reg[2]_C_0             |                1 |              1 |
|  cells_ld_BUFG                                                      |               | nolabel_line445/FileB/REG_FILE_1/MEMORY_3/Q_reg[2]_C_1             |                1 |              1 |
|  cells_ld_BUFG                                                      |               | nolabel_line445/FileB/REG_FILE_2/MEMORY_0/Q_reg[3]_C_1             |                1 |              1 |
|  cells_ld_BUFG                                                      |               | nolabel_line445/FileB/REG_FILE_2/MEMORY_0/Q_reg[0]_C_0             |                1 |              1 |
|  cells_ld_BUFG                                                      |               | nolabel_line445/FileB/REG_FILE_2/MEMORY_0/Q_reg[0]_C_1             |                1 |              1 |
|  cells_ld_BUFG                                                      |               | nolabel_line445/FileB/REG_FILE_2/MEMORY_0/Q_reg[1]_C_0             |                1 |              1 |
|  cells_ld_BUFG                                                      |               | nolabel_line445/FileB/REG_FILE_2/MEMORY_0/Q_reg[2]_C_0             |                1 |              1 |
|  cells_ld_BUFG                                                      |               | nolabel_line445/FileB/REG_FILE_2/MEMORY_0/Q_reg[2]_C_1             |                1 |              1 |
|  cells_ld_BUFG                                                      |               | nolabel_line445/FileB/REG_FILE_2/MEMORY_0/Q_reg[3]_C_0             |                1 |              1 |
|  cells_ld_BUFG                                                      |               | nolabel_line445/FileB/REG_FILE_2/MEMORY_0/Q_reg[1]_C_1             |                1 |              1 |
|  cells_ld_BUFG                                                      |               | nolabel_line445/FileB/REG_FILE_2/MEMORY_1/Q_reg[0]_C_0             |                1 |              1 |
|  cells_ld_BUFG                                                      |               | nolabel_line445/FileB/REG_FILE_2/MEMORY_1/Q_reg[0]_C_1             |                1 |              1 |
|  cells_ld_BUFG                                                      |               | nolabel_line445/FileB/REG_FILE_2/MEMORY_1/Q_reg[1]_C_0             |                1 |              1 |
|  cells_ld_BUFG                                                      |               | nolabel_line445/FileB/REG_FILE_2/MEMORY_1/Q_reg[2]_C_1             |                1 |              1 |
|  cells_ld_BUFG                                                      |               | nolabel_line445/FileB/REG_FILE_2/MEMORY_1/Q_reg[1]_C_1             |                1 |              1 |
|  cells_ld_BUFG                                                      |               | nolabel_line445/FileB/REG_FILE_2/MEMORY_1/Q_reg[2]_C_0             |                1 |              1 |
|  cells_ld_BUFG                                                      |               | nolabel_line445/FileB/REG_FILE_2/MEMORY_1/Q_reg[3]_C_1             |                1 |              1 |
|  cells_ld_BUFG                                                      |               | nolabel_line445/FileB/REG_FILE_2/MEMORY_1/Q_reg[3]_C_0             |                1 |              1 |
|  cells_ld_BUFG                                                      |               | nolabel_line445/FileB/REG_FILE_2/MEMORY_2/Q_reg[2]_C_0             |                1 |              1 |
|  cells_ld_BUFG                                                      |               | nolabel_line445/FileB/REG_FILE_2/MEMORY_2/Q_reg[3]_C_0             |                1 |              1 |
|  cells_ld_BUFG                                                      |               | nolabel_line445/FileB/REG_FILE_2/MEMORY_2/Q_reg[3]_C_1             |                1 |              1 |
|  cells_ld_BUFG                                                      |               | nolabel_line445/FileB/REG_FILE_2/MEMORY_2/Q_reg[1]_C_1             |                1 |              1 |
|  cells_ld_BUFG                                                      |               | nolabel_line445/FileB/REG_FILE_2/MEMORY_2/Q_reg[0]_C_1             |                1 |              1 |
|  cells_ld_BUFG                                                      |               | nolabel_line445/FileB/REG_FILE_2/MEMORY_2/Q_reg[0]_C_0             |                1 |              1 |
|  cells_ld_BUFG                                                      |               | nolabel_line445/FileB/REG_FILE_2/MEMORY_2/Q_reg[2]_C_1             |                1 |              1 |
|  cells_ld_BUFG                                                      |               | nolabel_line445/FileB/REG_FILE_2/MEMORY_2/Q_reg[1]_C_0             |                1 |              1 |
|  cells_ld_BUFG                                                      |               | nolabel_line445/FileB/REG_FILE_2/MEMORY_3/Q_reg[3]_C_0             |                1 |              1 |
|  cells_ld_BUFG                                                      |               | nolabel_line445/FileB/REG_FILE_2/MEMORY_3/Q_reg[0]_C_0             |                1 |              1 |
|  cells_ld_BUFG                                                      |               | nolabel_line445/FileB/REG_FILE_2/MEMORY_3/Q_reg[3]_C_1             |                1 |              1 |
|  cells_ld_BUFG                                                      |               | nolabel_line445/FileB/REG_FILE_2/MEMORY_3/Q_reg[1]_C_0             |                1 |              1 |
|  cells_ld_BUFG                                                      |               | nolabel_line445/FileB/REG_FILE_2/MEMORY_3/Q_reg[1]_C_1             |                1 |              1 |
|  cells_ld_BUFG                                                      |               | nolabel_line445/FileB/REG_FILE_2/MEMORY_3/Q_reg[2]_C_0             |                1 |              1 |
|  cells_ld_BUFG                                                      |               | nolabel_line445/FileB/REG_FILE_2/MEMORY_3/Q_reg[2]_C_1             |                1 |              1 |
|  cells_ld_BUFG                                                      |               | nolabel_line445/FileB/REG_FILE_2/MEMORY_3/Q_reg[0]_C_1             |                1 |              1 |
|  nolabel_line445/FileB/REG_FILE_3/MEMORY_0/Q_reg[1]_C_1             |               | nolabel_line445/FileB/REG_FILE_3/MEMORY_0/Q_reg[1]_C_0             |                1 |              1 |
|  nolabel_line445/FileB/REG_FILE_3/MEMORY_0/Q_reg[3]_LDC_i_1__10_n_0 |               | nolabel_line445/FileB/REG_FILE_3/MEMORY_0/Q_reg[3]_LDC_i_2__10_n_0 |                1 |              1 |
|  nolabel_line445/FileB/REG_FILE_3/MEMORY_0/Q_reg[0]_C_1             |               | nolabel_line445/FileB/REG_FILE_3/MEMORY_0/Q_reg[0]_C_0             |                1 |              1 |
|  nolabel_line445/FileB/REG_FILE_3/MEMORY_0/Q_reg[3]_C_1             |               | nolabel_line445/FileB/REG_FILE_3/MEMORY_0/Q_reg[3]_C_0             |                1 |              1 |
|  nolabel_line445/FileB/REG_FILE_3/MEMORY_0/Q_reg[2]_C_1             |               | nolabel_line445/FileB/REG_FILE_3/MEMORY_0/Q_reg[2]_C_0             |                1 |              1 |
|  nolabel_line445/FileB/REG_FILE_3/MEMORY_0/Q_reg[2]_LDC_i_1__10_n_0 |               | nolabel_line445/FileB/REG_FILE_3/MEMORY_0/Q_reg[2]_LDC_i_2__10_n_0 |                1 |              1 |
|  nolabel_line445/FileB/REG_FILE_3/MEMORY_0/Q_reg[1]_LDC_i_1__10_n_0 |               | nolabel_line445/FileB/REG_FILE_3/MEMORY_0/Q_reg[1]_LDC_i_2__10_n_0 |                1 |              1 |
|  nolabel_line445/FileB/REG_FILE_3/MEMORY_0/Q_reg[0]_LDC_i_1__10_n_0 |               | nolabel_line445/FileB/REG_FILE_3/MEMORY_0/Q_reg[0]_LDC_i_2__10_n_0 |                1 |              1 |
|  nolabel_line445/FileB/REG_FILE_3/MEMORY_1/Q_reg[1]_C_1             |               | nolabel_line445/FileB/REG_FILE_3/MEMORY_1/Q_reg[1]_C_0             |                1 |              1 |
|  nolabel_line445/FileB/REG_FILE_3/MEMORY_1/Q_reg[1]_LDC_i_1__8_n_0  |               | nolabel_line445/FileB/REG_FILE_3/MEMORY_1/Q_reg[1]_LDC_i_2__8_n_0  |                1 |              1 |
|  nolabel_line445/FileB/REG_FILE_3/MEMORY_1/Q_reg[0]_C_1             |               | nolabel_line445/FileB/REG_FILE_3/MEMORY_1/Q_reg[0]_C_0             |                1 |              1 |
|  nolabel_line445/FileB/REG_FILE_3/MEMORY_1/Q_reg[0]_LDC_i_1__8_n_0  |               | nolabel_line445/FileB/REG_FILE_3/MEMORY_1/Q_reg[0]_LDC_i_2__8_n_0  |                1 |              1 |
|  nolabel_line445/FileB/REG_FILE_3/MEMORY_1/Q_reg[2]_C_1             |               | nolabel_line445/FileB/REG_FILE_3/MEMORY_1/Q_reg[2]_C_0             |                1 |              1 |
|  nolabel_line445/FileB/REG_FILE_3/MEMORY_1/Q_reg[3]_LDC_i_1__8_n_0  |               | nolabel_line445/FileB/REG_FILE_3/MEMORY_1/Q_reg[3]_LDC_i_2__8_n_0  |                1 |              1 |
|  nolabel_line445/FileB/REG_FILE_3/MEMORY_1/Q_reg[2]_LDC_i_1__8_n_0  |               | nolabel_line445/FileB/REG_FILE_3/MEMORY_1/Q_reg[2]_LDC_i_2__8_n_0  |                1 |              1 |
|  nolabel_line445/FileB/REG_FILE_3/MEMORY_1/Q_reg[3]_C_1             |               | nolabel_line445/FileB/REG_FILE_3/MEMORY_1/Q_reg[3]_C_0             |                1 |              1 |
|  nolabel_line445/FileB/REG_FILE_3/MEMORY_2/Q_reg[1]_C_1             |               | nolabel_line445/FileB/REG_FILE_3/MEMORY_2/Q_reg[1]_C_0             |                1 |              1 |
|  nolabel_line445/FileB/REG_FILE_3/MEMORY_2/Q_reg[2]_C_1             |               | nolabel_line445/FileB/REG_FILE_3/MEMORY_2/Q_reg[2]_C_0             |                1 |              1 |
|  nolabel_line445/FileB/REG_FILE_3/MEMORY_2/Q_reg[1]_LDC_i_1__9_n_0  |               | nolabel_line445/FileB/REG_FILE_3/MEMORY_2/Q_reg[1]_LDC_i_2__9_n_0  |                1 |              1 |
|  nolabel_line445/FileB/REG_FILE_3/MEMORY_2/Q_reg[3]_C_1             |               | nolabel_line445/FileB/REG_FILE_3/MEMORY_2/Q_reg[3]_C_0             |                1 |              1 |
|  nolabel_line445/FileB/REG_FILE_3/MEMORY_2/Q_reg[0]_LDC_i_1__9_n_0  |               | nolabel_line445/FileB/REG_FILE_3/MEMORY_2/Q_reg[0]_LDC_i_2__9_n_0  |                1 |              1 |
|  nolabel_line445/FileB/REG_FILE_3/MEMORY_2/Q_reg[3]_LDC_i_1__9_n_0  |               | nolabel_line445/FileB/REG_FILE_3/MEMORY_2/Q_reg[3]_LDC_i_2__9_n_0  |                1 |              1 |
|  nolabel_line445/FileB/REG_FILE_3/MEMORY_2/Q_reg[2]_LDC_i_1__9_n_0  |               | nolabel_line445/FileB/REG_FILE_3/MEMORY_2/Q_reg[2]_LDC_i_2__9_n_0  |                1 |              1 |
|  nolabel_line445/FileB/REG_FILE_3/MEMORY_2/Q_reg[0]_C_1             |               | nolabel_line445/FileB/REG_FILE_3/MEMORY_2/Q_reg[0]_C_0             |                1 |              1 |
|  nolabel_line445/FileB/REG_FILE_3/MEMORY_3/Q_reg[2]_C_1             |               | nolabel_line445/FileB/REG_FILE_3/MEMORY_3/Q_reg[2]_C_0             |                1 |              1 |
|  nolabel_line445/FileB/REG_FILE_3/MEMORY_3/Q_reg[3]_LDC_i_1__7_n_0  |               | nolabel_line445/FileB/REG_FILE_3/MEMORY_3/Q_reg[3]_LDC_i_2__7_n_0  |                1 |              1 |
|  nolabel_line445/FileB/REG_FILE_3/MEMORY_3/Q_reg[0]_C_1             |               | nolabel_line445/FileB/REG_FILE_3/MEMORY_3/Q_reg[0]_C_0             |                1 |              1 |
|  nolabel_line445/FileB/REG_FILE_3/MEMORY_3/Q_reg[2]_LDC_i_1__7_n_0  |               | nolabel_line445/FileB/REG_FILE_3/MEMORY_3/Q_reg[2]_LDC_i_2__7_n_0  |                1 |              1 |
|  nolabel_line445/FileB/REG_FILE_3/MEMORY_3/Q_reg[3]_C_1             |               | nolabel_line445/FileB/REG_FILE_3/MEMORY_3/Q_reg[3]_C_0             |                1 |              1 |
|  nolabel_line445/FileB/REG_FILE_3/MEMORY_3/Q_reg[1]_LDC_i_1__7_n_0  |               | nolabel_line445/FileB/REG_FILE_3/MEMORY_3/Q_reg[1]_LDC_i_2__7_n_0  |                1 |              1 |
|  nolabel_line445/FileB/REG_FILE_3/MEMORY_3/Q_reg[0]_LDC_i_1__7_n_0  |               | nolabel_line445/FileB/REG_FILE_3/MEMORY_3/Q_reg[0]_LDC_i_2__7_n_0  |                1 |              1 |
|  nolabel_line445/FileB/REG_FILE_3/MEMORY_3/Q_reg[1]_C_1             |               | nolabel_line445/FileB/REG_FILE_3/MEMORY_3/Q_reg[1]_C_0             |                1 |              1 |
|  nolabel_line445/FileB/REG_FILE_0/MEMORY_2/Q_reg[3]_C_1             |               | nolabel_line445/FileB/REG_FILE_0/MEMORY_2/Q_reg[3]_C_0             |                1 |              1 |
|  nolabel_line445/FileB/REG_FILE_0/MEMORY_2/Q_reg[0]_C_1             |               | nolabel_line445/FileB/REG_FILE_0/MEMORY_2/Q_reg[0]_C_0             |                1 |              1 |
|  nolabel_line445/FileB/REG_FILE_0/MEMORY_2/Q_reg[2]_LDC_i_1__5_n_0  |               | nolabel_line445/FileB/REG_FILE_0/MEMORY_2/Q_reg[2]_LDC_i_2__5_n_0  |                1 |              1 |
|  nolabel_line445/FileB/REG_FILE_0/MEMORY_2/Q_reg[0]_LDC_i_1__5_n_0  |               | nolabel_line445/FileB/REG_FILE_0/MEMORY_2/Q_reg[0]_LDC_i_2__5_n_0  |                1 |              1 |
|  nolabel_line445/FileB/REG_FILE_0/MEMORY_2/Q_reg[2]_C_1             |               | nolabel_line445/FileB/REG_FILE_0/MEMORY_2/Q_reg[2]_C_0             |                1 |              1 |
|  nolabel_line445/FileB/REG_FILE_0/MEMORY_2/Q_reg[1]_LDC_i_1__5_n_0  |               | nolabel_line445/FileB/REG_FILE_0/MEMORY_2/Q_reg[1]_LDC_i_2__5_n_0  |                1 |              1 |
|  nolabel_line445/FileB/REG_FILE_0/MEMORY_2/Q_reg[3]_LDC_i_1__5_n_0  |               | nolabel_line445/FileB/REG_FILE_0/MEMORY_2/Q_reg[3]_LDC_i_2__5_n_0  |                1 |              1 |
|  nolabel_line445/FileB/REG_FILE_0/MEMORY_2/Q_reg[1]_C_1             |               | nolabel_line445/FileB/REG_FILE_0/MEMORY_2/Q_reg[1]_C_0             |                1 |              1 |
|  nolabel_line445/FileB/REG_FILE_0/MEMORY_3/Q_reg[0]_LDC_i_1__3_n_0  |               | nolabel_line445/FileB/REG_FILE_0/MEMORY_3/Q_reg[0]_LDC_i_2__3_n_0  |                1 |              1 |
|  nolabel_line445/FileB/REG_FILE_0/MEMORY_3/Q_reg[1]_C_1             |               | nolabel_line445/FileB/REG_FILE_0/MEMORY_3/Q_reg[1]_C_0             |                1 |              1 |
|  nolabel_line445/FileB/REG_FILE_0/MEMORY_3/Q_reg[0]_C_1             |               | nolabel_line445/FileB/REG_FILE_0/MEMORY_3/Q_reg[0]_C_0             |                1 |              1 |
|  nolabel_line445/FileB/REG_FILE_0/MEMORY_3/Q_reg[3]_C_1             |               | nolabel_line445/FileB/REG_FILE_0/MEMORY_3/Q_reg[3]_C_0             |                1 |              1 |
|  nolabel_line445/FileB/REG_FILE_0/MEMORY_3/Q_reg[2]_LDC_i_1__3_n_0  |               | nolabel_line445/FileB/REG_FILE_0/MEMORY_3/Q_reg[2]_LDC_i_2__3_n_0  |                1 |              1 |
|  nolabel_line445/FileB/REG_FILE_0/MEMORY_3/Q_reg[2]_C_1             |               | nolabel_line445/FileB/REG_FILE_0/MEMORY_3/Q_reg[2]_C_0             |                1 |              1 |
|  nolabel_line445/FileB/REG_FILE_0/MEMORY_3/Q_reg[3]_LDC_i_1__3_n_0  |               | nolabel_line445/FileB/REG_FILE_0/MEMORY_3/Q_reg[3]_LDC_i_2__3_n_0  |                1 |              1 |
|  nolabel_line445/FileB/REG_FILE_0/MEMORY_3/Q_reg[1]_LDC_i_1__3_n_0  |               | nolabel_line445/FileB/REG_FILE_0/MEMORY_3/Q_reg[1]_LDC_i_2__3_n_0  |                1 |              1 |
|  nolabel_line445/FileB/REG_FILE_1/MEMORY_0/Q_reg[0]_C_1             |               | nolabel_line445/FileB/REG_FILE_1/MEMORY_0/Q_reg[0]_C_0             |                1 |              1 |
|  nolabel_line445/FileB/REG_FILE_1/MEMORY_0/Q_reg[0]_LDC_i_1__14_n_0 |               | nolabel_line445/FileB/REG_FILE_1/MEMORY_0/Q_reg[0]_LDC_i_2__14_n_0 |                1 |              1 |
|  nolabel_line445/FileB/REG_FILE_1/MEMORY_0/Q_reg[3]_C_1             |               | nolabel_line445/FileB/REG_FILE_1/MEMORY_0/Q_reg[3]_C_0             |                1 |              1 |
|  nolabel_line445/FileB/REG_FILE_1/MEMORY_0/Q_reg[1]_C_1             |               | nolabel_line445/FileB/REG_FILE_1/MEMORY_0/Q_reg[1]_C_0             |                1 |              1 |
|  nolabel_line445/FileB/REG_FILE_1/MEMORY_0/Q_reg[3]_LDC_i_1__14_n_0 |               | nolabel_line445/FileB/REG_FILE_1/MEMORY_0/Q_reg[3]_LDC_i_2__14_n_0 |                1 |              1 |
|  nolabel_line445/FileB/REG_FILE_1/MEMORY_0/Q_reg[1]_LDC_i_1__14_n_0 |               | nolabel_line445/FileB/REG_FILE_1/MEMORY_0/Q_reg[1]_LDC_i_2__14_n_0 |                1 |              1 |
|  nolabel_line445/FileB/REG_FILE_1/MEMORY_0/Q_reg[2]_C_1             |               | nolabel_line445/FileB/REG_FILE_1/MEMORY_0/Q_reg[2]_C_0             |                1 |              1 |
|  nolabel_line445/FileB/REG_FILE_1/MEMORY_0/Q_reg[2]_LDC_i_1__14_n_0 |               | nolabel_line445/FileB/REG_FILE_1/MEMORY_0/Q_reg[2]_LDC_i_2__14_n_0 |                1 |              1 |
|  nolabel_line445/FileB/REG_FILE_1/MEMORY_1/Q_reg[0]_LDC_i_1__12_n_0 |               | nolabel_line445/FileB/REG_FILE_1/MEMORY_1/Q_reg[0]_LDC_i_2__12_n_0 |                1 |              1 |
|  nolabel_line445/FileB/REG_FILE_1/MEMORY_1/Q_reg[2]_C_1             |               | nolabel_line445/FileB/REG_FILE_1/MEMORY_1/Q_reg[2]_C_0             |                1 |              1 |
|  nolabel_line445/FileB/REG_FILE_1/MEMORY_1/Q_reg[0]_C_1             |               | nolabel_line445/FileB/REG_FILE_1/MEMORY_1/Q_reg[0]_C_0             |                1 |              1 |
|  nolabel_line445/FileB/REG_FILE_1/MEMORY_1/Q_reg[1]_C_1             |               | nolabel_line445/FileB/REG_FILE_1/MEMORY_1/Q_reg[1]_C_0             |                1 |              1 |
|  nolabel_line445/FileB/REG_FILE_1/MEMORY_1/Q_reg[1]_LDC_i_1__12_n_0 |               | nolabel_line445/FileB/REG_FILE_1/MEMORY_1/Q_reg[1]_LDC_i_2__12_n_0 |                1 |              1 |
|  nolabel_line445/FileB/REG_FILE_1/MEMORY_1/Q_reg[3]_C_1             |               | nolabel_line445/FileB/REG_FILE_1/MEMORY_1/Q_reg[3]_C_0             |                1 |              1 |
|  nolabel_line445/FileB/REG_FILE_1/MEMORY_1/Q_reg[3]_LDC_i_1__12_n_0 |               | nolabel_line445/FileB/REG_FILE_1/MEMORY_1/Q_reg[3]_LDC_i_2__12_n_0 |                1 |              1 |
|  nolabel_line445/FileB/REG_FILE_1/MEMORY_1/Q_reg[2]_LDC_i_1__12_n_0 |               | nolabel_line445/FileB/REG_FILE_1/MEMORY_1/Q_reg[2]_LDC_i_2__12_n_0 |                1 |              1 |
|  nolabel_line445/FileB/REG_FILE_1/MEMORY_2/Q_reg[2]_C_1             |               | nolabel_line445/FileB/REG_FILE_1/MEMORY_2/Q_reg[2]_C_0             |                1 |              1 |
|  nolabel_line445/FileB/REG_FILE_1/MEMORY_2/Q_reg[3]_C_1             |               | nolabel_line445/FileB/REG_FILE_1/MEMORY_2/Q_reg[3]_C_0             |                1 |              1 |
|  nolabel_line445/FileB/REG_FILE_1/MEMORY_2/Q_reg[2]_LDC_i_1__13_n_0 |               | nolabel_line445/FileB/REG_FILE_1/MEMORY_2/Q_reg[2]_LDC_i_2__13_n_0 |                1 |              1 |
|  nolabel_line445/FileB/REG_FILE_1/MEMORY_2/Q_reg[0]_C_1             |               | nolabel_line445/FileB/REG_FILE_1/MEMORY_2/Q_reg[0]_C_0             |                1 |              1 |
|  nolabel_line445/FileB/REG_FILE_1/MEMORY_2/Q_reg[0]_LDC_i_1__13_n_0 |               | nolabel_line445/FileB/REG_FILE_1/MEMORY_2/Q_reg[0]_LDC_i_2__13_n_0 |                1 |              1 |
|  nolabel_line445/FileB/REG_FILE_1/MEMORY_2/Q_reg[1]_LDC_i_1__13_n_0 |               | nolabel_line445/FileB/REG_FILE_1/MEMORY_2/Q_reg[1]_LDC_i_2__13_n_0 |                1 |              1 |
|  nolabel_line445/FileB/REG_FILE_1/MEMORY_2/Q_reg[3]_LDC_i_1__13_n_0 |               | nolabel_line445/FileB/REG_FILE_1/MEMORY_2/Q_reg[3]_LDC_i_2__13_n_0 |                1 |              1 |
|  nolabel_line445/FileB/REG_FILE_1/MEMORY_2/Q_reg[1]_C_1             |               | nolabel_line445/FileB/REG_FILE_1/MEMORY_2/Q_reg[1]_C_0             |                1 |              1 |
|  nolabel_line445/FileB/REG_FILE_1/MEMORY_3/Q_reg[1]_LDC_i_1__11_n_0 |               | nolabel_line445/FileB/REG_FILE_1/MEMORY_3/Q_reg[1]_LDC_i_2__11_n_0 |                1 |              1 |
|  nolabel_line445/FileB/REG_FILE_1/MEMORY_3/Q_reg[1]_C_1             |               | nolabel_line445/FileB/REG_FILE_1/MEMORY_3/Q_reg[1]_C_0             |                1 |              1 |
|  nolabel_line445/FileB/REG_FILE_1/MEMORY_3/Q_reg[0]_C_1             |               | nolabel_line445/FileB/REG_FILE_1/MEMORY_3/Q_reg[0]_C_0             |                1 |              1 |
|  nolabel_line445/FileB/REG_FILE_1/MEMORY_3/Q_reg[3]_C_1             |               | nolabel_line445/FileB/REG_FILE_1/MEMORY_3/Q_reg[3]_C_0             |                1 |              1 |
|  nolabel_line445/FileB/REG_FILE_1/MEMORY_3/Q_reg[0]_LDC_i_1__11_n_0 |               | nolabel_line445/FileB/REG_FILE_1/MEMORY_3/Q_reg[0]_LDC_i_2__11_n_0 |                1 |              1 |
|  nolabel_line445/FileB/REG_FILE_1/MEMORY_3/Q_reg[2]_LDC_i_1__11_n_0 |               | nolabel_line445/FileB/REG_FILE_1/MEMORY_3/Q_reg[2]_LDC_i_2__11_n_0 |                1 |              1 |
|  nolabel_line445/FileB/REG_FILE_1/MEMORY_3/Q_reg[2]_C_1             |               | nolabel_line445/FileB/REG_FILE_1/MEMORY_3/Q_reg[2]_C_0             |                1 |              1 |
|  nolabel_line445/FileB/REG_FILE_1/MEMORY_3/Q_reg[3]_LDC_i_1__11_n_0 |               | nolabel_line445/FileB/REG_FILE_1/MEMORY_3/Q_reg[3]_LDC_i_2__11_n_0 |                1 |              1 |
|  nolabel_line445/FileB/REG_FILE_2/MEMORY_0/Q_reg[3]_C_1             |               | nolabel_line445/FileB/REG_FILE_2/MEMORY_0/Q_reg[3]_C_0             |                1 |              1 |
|  nolabel_line445/FileB/REG_FILE_2/MEMORY_0/Q_reg[3]_LDC_i_1__2_n_0  |               | nolabel_line445/FileB/REG_FILE_2/MEMORY_0/Q_reg[3]_LDC_i_2__2_n_0  |                1 |              1 |
|  nolabel_line445/FileB/REG_FILE_2/MEMORY_0/Q_reg[0]_C_1             |               | nolabel_line445/FileB/REG_FILE_2/MEMORY_0/Q_reg[0]_C_0             |                1 |              1 |
|  nolabel_line445/FileB/REG_FILE_2/MEMORY_0/Q_reg[2]_LDC_i_1__2_n_0  |               | nolabel_line445/FileB/REG_FILE_2/MEMORY_0/Q_reg[2]_LDC_i_2__2_n_0  |                1 |              1 |
|  nolabel_line445/FileB/REG_FILE_2/MEMORY_0/Q_reg[2]_C_1             |               | nolabel_line445/FileB/REG_FILE_2/MEMORY_0/Q_reg[2]_C_0             |                1 |              1 |
|  nolabel_line445/FileB/REG_FILE_2/MEMORY_0/Q_reg[1]_C_1             |               | nolabel_line445/FileB/REG_FILE_2/MEMORY_0/Q_reg[1]_C_0             |                1 |              1 |
|  nolabel_line445/FileB/REG_FILE_2/MEMORY_0/Q_reg[1]_LDC_i_1__2_n_0  |               | nolabel_line445/FileB/REG_FILE_2/MEMORY_0/Q_reg[1]_LDC_i_2__2_n_0  |                1 |              1 |
|  nolabel_line445/FileB/REG_FILE_2/MEMORY_0/Q_reg[0]_LDC_i_1__2_n_0  |               | nolabel_line445/FileB/REG_FILE_2/MEMORY_0/Q_reg[0]_LDC_i_2__2_n_0  |                1 |              1 |
|  nolabel_line445/FileB/REG_FILE_2/MEMORY_1/Q_reg[0]_C_1             |               | nolabel_line445/FileB/REG_FILE_2/MEMORY_1/Q_reg[0]_C_0             |                1 |              1 |
|  nolabel_line445/FileB/REG_FILE_2/MEMORY_1/Q_reg[0]_LDC_i_1__0_n_0  |               | nolabel_line445/FileB/REG_FILE_2/MEMORY_1/Q_reg[0]_LDC_i_2__0_n_0  |                1 |              1 |
|  nolabel_line445/FileB/REG_FILE_2/MEMORY_1/Q_reg[1]_LDC_i_1__0_n_0  |               | nolabel_line445/FileB/REG_FILE_2/MEMORY_1/Q_reg[1]_LDC_i_2__0_n_0  |                1 |              1 |
|  nolabel_line445/FileB/REG_FILE_2/MEMORY_1/Q_reg[2]_C_1             |               | nolabel_line445/FileB/REG_FILE_2/MEMORY_1/Q_reg[2]_C_0             |                1 |              1 |
|  nolabel_line445/FileB/REG_FILE_2/MEMORY_1/Q_reg[2]_LDC_i_1__0_n_0  |               | nolabel_line445/FileB/REG_FILE_2/MEMORY_1/Q_reg[2]_LDC_i_2__0_n_0  |                1 |              1 |
|  nolabel_line445/FileB/REG_FILE_2/MEMORY_1/Q_reg[1]_C_1             |               | nolabel_line445/FileB/REG_FILE_2/MEMORY_1/Q_reg[1]_C_0             |                1 |              1 |
|  nolabel_line445/FileB/REG_FILE_2/MEMORY_1/Q_reg[3]_C_1             |               | nolabel_line445/FileB/REG_FILE_2/MEMORY_1/Q_reg[3]_C_0             |                1 |              1 |
|  nolabel_line445/FileB/REG_FILE_2/MEMORY_1/Q_reg[3]_LDC_i_1__0_n_0  |               | nolabel_line445/FileB/REG_FILE_2/MEMORY_1/Q_reg[3]_LDC_i_2__0_n_0  |                1 |              1 |
|  nolabel_line445/FileB/REG_FILE_2/MEMORY_2/Q_reg[1]_LDC_i_1__1_n_0  |               | nolabel_line445/FileB/REG_FILE_2/MEMORY_2/Q_reg[1]_LDC_i_2__1_n_0  |                1 |              1 |
|  nolabel_line445/FileB/REG_FILE_2/MEMORY_2/Q_reg[0]_LDC_i_1__1_n_0  |               | nolabel_line445/FileB/REG_FILE_2/MEMORY_2/Q_reg[0]_LDC_i_2__1_n_0  |                1 |              1 |
|  nolabel_line445/FileB/REG_FILE_2/MEMORY_2/Q_reg[3]_C_1             |               | nolabel_line445/FileB/REG_FILE_2/MEMORY_2/Q_reg[3]_C_0             |                1 |              1 |
|  nolabel_line445/FileB/REG_FILE_2/MEMORY_2/Q_reg[2]_LDC_i_1__1_n_0  |               | nolabel_line445/FileB/REG_FILE_2/MEMORY_2/Q_reg[2]_LDC_i_2__1_n_0  |                1 |              1 |
|  nolabel_line445/FileB/REG_FILE_2/MEMORY_2/Q_reg[1]_C_1             |               | nolabel_line445/FileB/REG_FILE_2/MEMORY_2/Q_reg[1]_C_0             |                1 |              1 |
|  nolabel_line445/FileB/REG_FILE_2/MEMORY_2/Q_reg[0]_C_1             |               | nolabel_line445/FileB/REG_FILE_2/MEMORY_2/Q_reg[0]_C_0             |                1 |              1 |
|  nolabel_line445/FileB/REG_FILE_2/MEMORY_2/Q_reg[3]_LDC_i_1__1_n_0  |               | nolabel_line445/FileB/REG_FILE_2/MEMORY_2/Q_reg[3]_LDC_i_2__1_n_0  |                1 |              1 |
|  nolabel_line443/num_ld_reg_i_2_n_0                                 |               |                                                                    |                1 |              2 |
| ~clk_IBUF_BUFG                                                      |               | nolabel_line460/shcp1_carry__2_n_4                                 |                1 |              2 |
|  nolabel_line443/assignGroup_reg[3]_i_2_n_0                         |               |                                                                    |                1 |              4 |
| ~f                                                                  |               |                                                                    |                2 |              5 |
|  nolabel_line443/count_ld                                           |               | nolabel_line443/count_clr                                          |                4 |             16 |
|  nolabel_line443/SevSegNum__0                                       |               |                                                                    |                5 |             19 |
|  clk_IBUF_BUFG                                                      |               |                                                                    |               10 |             30 |
| ~f                                                                  |               | nolabel_line460/a                                                  |                8 |             31 |
|  clk_IBUF_BUFG                                                      |               | nolabel_line443/nolabel_line177/clear                              |                8 |             32 |
+---------------------------------------------------------------------+---------------+--------------------------------------------------------------------+------------------+----------------+


